// Jest Snapshot v1, https://goo.gl/fbAQLP

exports[`<PostCard /> should match snapshot 1`] = `
<div
  class="post"
>
  <div
    class="post-content"
  >
    <img
      alt="title 1"
      src="img.png"
    />
    <h1>
       
      title 1
       - 
      1
       
    </h1>
    <p>
       
      body 1
       
    </p>
  </div>
</div>
`;
